C51 COMPILER V9.60.0.0   MAIN                                                              03/15/2021 18:48:18 PAGE 1   


C51 COMPILER V9.60.0.0, COMPILATION OF MODULE MAIN
OBJECT MODULE PLACED IN .\Objects\main.obj
COMPILER INVOKED BY: C:\Keil_v5\C51\BIN\C51.EXE main.c OPTIMIZE(8,SPEED) BROWSE DEBUG OBJECTEXTEND PRINT(.\Listings\main
                    -.lst) TABS(2) OBJECT(.\Objects\main.obj)

line level    source

   1          #include<reg52.h>
   2          //#define led P0
   3          sbit led1 = P1^0;
   4          sbit led2 = P1^1;
   5          sbit led3 = P1^2;
   6          sbit led4 = P1^3;
   7          sbit led5 = P1^4;
   8          sbit led6 = P1^5;
   9          sbit led7 = P1^6;
  10          sbit led8 = P1^7;
  11          
  12          void main()
  13          {
  14   1        while(1)
  15   1        {
  16   2          led1 = 0; //light the first LED
  17   2          led2 = 0; 
  18   2          led3 = 0;
  19   2          led4 = 0;
  20   2          led5 = 0;
  21   2          led6 = 0;
  22   2          led7 = 0;
  23   2          led8 = 0;
  24   2          
  25   2        }
  26   1      }


MODULE INFORMATION:   STATIC OVERLAYABLE
   CODE SIZE        =     18    ----
   CONSTANT SIZE    =   ----    ----
   XDATA SIZE       =   ----    ----
   PDATA SIZE       =   ----    ----
   DATA SIZE        =   ----    ----
   IDATA SIZE       =   ----    ----
   BIT SIZE         =   ----    ----
END OF MODULE INFORMATION.


C51 COMPILATION COMPLETE.  0 WARNING(S),  0 ERROR(S)
